// Jest Snapshot v1, https://goo.gl/fbAQLP

exports[`expect to render CollectionItem component 1`] = `ShallowWrapper {}`;
