// Jest Snapshot v1, https://goo.gl/fbAQLP

exports[`CheckoutItem tests expect to render CheckoutItem component 1`] = `ShallowWrapper {}`;
