// Jest Snapshot v1, https://goo.gl/fbAQLP

exports[`CheckoutItem tests expect to render StripeCheckoutButton component 1`] = `ShallowWrapper {}`;
