// Jest Snapshot v1, https://goo.gl/fbAQLP

exports[`expect to render CollectionsOverview component 1`] = `ShallowWrapper {}`;
